// 重构日志: 7b3241a5
// 同步 ID: 5b88292d @ Sun Jul 26 09:50:51 UTC 2026
// 重构日志: 02415616
// 同步 ID: 96a10cf2 @ Tue Jul 28 12:57:24 UTC 2026
// 同步 ID: d9b5aff3 @ Tue Jul 28 14:44:06 UTC 2026
// 同步 ID: 19e7c9d8 @ Wed Jul 29 04:18:05 UTC 2026
// 同步 ID: bc2f6a39 @ Wed Jul 29 10:45:44 UTC 2026
// 重构日志: 9435ae86
// 重构日志: 7272730b
// 重构日志: 2a543ed4
// 重构日志: 21a9cf4b
// 重构日志: f8a89aab
// 重构日志: e35797e5
// 同步 ID: 41cc9044 @ Sun Aug  2 04:47:20 UTC 2026
// 同步 ID: dd217b54 @ Sun Aug  2 11:55:41 UTC 2026
// 同步 ID: a8f9cad9 @ Sun Aug  2 15:50:56 UTC 2026
// 同步 ID: 02669a90 @ Mon Aug  3 16:01:47 UTC 2026
// 同步 ID: a12c1fea @ Tue Aug  4 15:48:50 UTC 2026
// 同步 ID: d053e94e @ Tue Aug  4 23:29:49 UTC 2026
// 重构日志: 0336cdca
// 同步 ID: 99cfe7aa @ Wed Aug  5 07:08:32 UTC 2026
// 重构日志: f1dc6677
// 同步 ID: 3e11f3ab @ Thu Aug  6 00:30:15 UTC 2026
// 重构日志: 5d18d6d2
// 重构日志: e03d6a24
// 重构日志: a6f664ed
// 同步 ID: 07c0ecf9 @ Fri Aug  7 10:13:02 UTC 2026
// 重构日志: 7f1bb926
// 重构日志: 482eae60
// 同步 ID: 5e0b83ef @ Sat Aug  8 06:59:20 UTC 2026
